../Core/Src/main.c:94:6:DIGIT_A_Display	24	static
../Core/Src/main.c:163:6:DIGIT_B_Display	24	static
../Core/Src/main.c:233:6:ADC_Select_CH	32	static
../Core/Src/main.c:384:6:distance_sensor	136	static
../Core/Src/main.c:428:6:manual_mode_INLET	16	static
../Core/Src/main.c:439:6:manual_mode_ZONES	16	static
../Core/Src/main.c:450:6:digits_set	8	static
../Core/Src/main.c:471:5:main	2272	static
../Core/Src/main.c:1130:6:SystemClock_Config	88	static
../Core/Src/main.c:1172:13:MX_ADC1_Init	24	static
../Core/Src/main.c:1224:13:MX_TIM2_Init	64	static
../Core/Src/main.c:1283:13:MX_TIM3_Init	64	static
../Core/Src/main.c:1347:13:MX_TIM5_Init	32	static
../Core/Src/main.c:1392:13:MX_USART1_UART_Init	8	static
../Core/Src/main.c:1425:13:MX_USART2_UART_Init	8	static
../Core/Src/main.c:1458:13:MX_USART6_UART_Init	8	static
../Core/Src/main.c:1491:13:MX_GPIO_Init	48	static
../Core/Src/main.c:1557:6:HAL_GPIO_EXTI_Callback	16	static
../Core/Src/main.c:1568:6:HAL_UART_RxCpltCallback	16	static
../Core/Src/main.c:1584:6:HAL_TIM_PeriodElapsedCallback	24	static
../Core/Src/main.c:1618:6:Error_Handler	4	static,ignoring_inline_asm
